// Jest Snapshot v1, https://goo.gl/fbAQLP

exports[`HomePage renders correctly 1`] = `
<div
  className="media"
>
  <h3
    className="title"
  >
    Peacock Spiders
  </h3>
  <iframe
    allow="accelerometer; autoplay; clipboard-write; encrypted-media; gyroscope; picture-in-picture; web-share"
    allowFullScreen={true}
    frameBorder="0"
    height="315"
    referrerPolicy="strict-origin-when-cross-origin"
    src="https://www.youtube.com/embed/5qkzwG2lLPc?si=kkbU2B55-O3Askgb"
    title="YouTube video player"
    width="560"
  />
  <h3
    className="title"
  >
    Inside a Jumping Spider's Brain
  </h3>
  <iframe
    allow="accelerometer; autoplay; clipboard-write; encrypted-media; gyroscope; picture-in-picture; web-share"
    allowFullScreen={true}
    frameBorder="0"
    height="315"
    referrerPolicy="strict-origin-when-cross-origin"
    src="https://www.youtube.com/embed/Dgbci0GC1vk?si=3H-WPTdLiAYo2M-U"
    title="YouTube video player"
    width="560"
  />
</div>
`;
